###############################################################################
#
# IAR ELF Linker V7.20.2.7424/W32 for ARM                 21/Sep/2017  18:51:07
# Copyright 2007-2014 IAR Systems AB.
#
#    Output file  =  
#        D:\实验室\飞思卡尔\新建文件夹\山外K60参考代码V5.3（支持FX、FN和DNZ）\第二章\GPIO_LED\Prj\IAR\FN15_Debug\Exe\vcan_Kinetis.out
#    Map file     =  
#        D:\实验室\飞思卡尔\新建文件夹\山外K60参考代码V5.3（支持FX、FN和DNZ）\第二章\GPIO_LED\Prj\IAR\FN15_Debug\List\vcan_Kinetis.map
#    Command line =  
#        D:\实验室\飞思卡尔\新建文件夹\山外K60参考代码V5.3（支持FX、FN和DNZ）\第二章\GPIO_LED\Prj\IAR\FN15_Debug\Obj\main.o
#        D:\实验室\飞思卡尔\新建文件夹\山外K60参考代码V5.3（支持FX、FN和DNZ）\第二章\GPIO_LED\Prj\IAR\FN15_Debug\Obj\misc.o
#        D:\实验室\飞思卡尔\新建文件夹\山外K60参考代码V5.3（支持FX、FN和DNZ）\第二章\GPIO_LED\Prj\IAR\FN15_Debug\Obj\MK60_conf.o
#        D:\实验室\飞思卡尔\新建文件夹\山外K60参考代码V5.3（支持FX、FN和DNZ）\第二章\GPIO_LED\Prj\IAR\FN15_Debug\Obj\MK60_DWT.o
#        D:\实验室\飞思卡尔\新建文件夹\山外K60参考代码V5.3（支持FX、FN和DNZ）\第二章\GPIO_LED\Prj\IAR\FN15_Debug\Obj\MK60_flash.o
#        D:\实验室\飞思卡尔\新建文件夹\山外K60参考代码V5.3（支持FX、FN和DNZ）\第二章\GPIO_LED\Prj\IAR\FN15_Debug\Obj\MK60_gpio.o
#        D:\实验室\飞思卡尔\新建文件夹\山外K60参考代码V5.3（支持FX、FN和DNZ）\第二章\GPIO_LED\Prj\IAR\FN15_Debug\Obj\MK60_it.o
#        D:\实验室\飞思卡尔\新建文件夹\山外K60参考代码V5.3（支持FX、FN和DNZ）\第二章\GPIO_LED\Prj\IAR\FN15_Debug\Obj\MK60_lptmr.o
#        D:\实验室\飞思卡尔\新建文件夹\山外K60参考代码V5.3（支持FX、FN和DNZ）\第二章\GPIO_LED\Prj\IAR\FN15_Debug\Obj\MK60_mcg.o
#        D:\实验室\飞思卡尔\新建文件夹\山外K60参考代码V5.3（支持FX、FN和DNZ）\第二章\GPIO_LED\Prj\IAR\FN15_Debug\Obj\MK60_PIT.o
#        D:\实验室\飞思卡尔\新建文件夹\山外K60参考代码V5.3（支持FX、FN和DNZ）\第二章\GPIO_LED\Prj\IAR\FN15_Debug\Obj\MK60_port.o
#        D:\实验室\飞思卡尔\新建文件夹\山外K60参考代码V5.3（支持FX、FN和DNZ）\第二章\GPIO_LED\Prj\IAR\FN15_Debug\Obj\MK60_SysTick.o
#        D:\实验室\飞思卡尔\新建文件夹\山外K60参考代码V5.3（支持FX、FN和DNZ）\第二章\GPIO_LED\Prj\IAR\FN15_Debug\Obj\MK60_uart.o
#        D:\实验室\飞思卡尔\新建文件夹\山外K60参考代码V5.3（支持FX、FN和DNZ）\第二章\GPIO_LED\Prj\IAR\FN15_Debug\Obj\MK60_wdog.o
#        D:\实验室\飞思卡尔\新建文件夹\山外K60参考代码V5.3（支持FX、FN和DNZ）\第二章\GPIO_LED\Prj\IAR\FN15_Debug\Obj\startup_MK60DZ10.o
#        D:\实验室\飞思卡尔\新建文件夹\山外K60参考代码V5.3（支持FX、FN和DNZ）\第二章\GPIO_LED\Prj\IAR\FN15_Debug\Obj\system_MK60DZ10.o
#        D:\实验室\飞思卡尔\新建文件夹\山外K60参考代码V5.3（支持FX、FN和DNZ）\第二章\GPIO_LED\Prj\IAR\FN15_Debug\Obj\VCAN_computer.o
#        D:\实验室\飞思卡尔\新建文件夹\山外K60参考代码V5.3（支持FX、FN和DNZ）\第二章\GPIO_LED\Prj\IAR\FN15_Debug\Obj\VCAN_key.o
#        D:\实验室\飞思卡尔\新建文件夹\山外K60参考代码V5.3（支持FX、FN和DNZ）\第二章\GPIO_LED\Prj\IAR\FN15_Debug\Obj\VCAN_LED.o
#        D:\实验室\飞思卡尔\新建文件夹\山外K60参考代码V5.3（支持FX、FN和DNZ）\第二章\GPIO_LED\Prj\IAR\FN15_Debug\Obj\vectors.o
#        --redirect _Printf=_PrintfLargeNoMb --redirect _Scanf=_ScanfLargeNoMb
#        -o
#        D:\实验室\飞思卡尔\新建文件夹\山外K60参考代码V5.3（支持FX、FN和DNZ）\第二章\GPIO_LED\Prj\IAR\FN15_Debug\Exe\vcan_Kinetis.out
#        --map
#        D:\实验室\飞思卡尔\新建文件夹\山外K60参考代码V5.3（支持FX、FN和DNZ）\第二章\GPIO_LED\Prj\IAR\FN15_Debug\List\vcan_Kinetis.map
#        --config
#        "D:\实验室\飞思卡尔\新建文件夹\山外K60参考代码V5.3（支持FX、FN和DNZ）\第二章\GPIO_LED\Prj\IAR\config
#        files\vcan_ROM_K60N1M.icf"
#        D:\实验室\飞思卡尔\新建文件夹\山外K60参考代码V5.3（支持FX、FN和DNZ）\第二章\GPIO_LED\Prj\IAR\..\..\Lib\CMSIS\iar_cortexM4l_math.a
#        --entry __iar_program_start --redirect __write=__write_buffered --vfe
#
###############################################################################

*******************************************************************************
*** RUNTIME MODEL ATTRIBUTES
***

CppFlavor       = *
__SystemLibrary = DLib


*******************************************************************************
*** PLACEMENT SUMMARY
***

"A1":  place at 0x00000000 { ro section .intvec };
"A2":  place at 0x00000410 { ro section .noinit };
"P1":  place in [from 0x00000000 to 0x00100000] { ro, block CodeRelocate };
"P2":  place in [from 0x1fff0410 to 0x20010000] {
          rw, block CodeRelocateRam, block CSTACK, block HEAP };

  Section              Kind        Address    Size  Object
  -------              ----        -------    ----  ------
"A1":                                        0x410
  .intvec              const    0x00000000   0x410  vectors.o [1]
                              - 0x00000410   0x410

"P1", part 1 of 2:                             0x0
  .rodata              const    0x00000410     0x0  zero_init3.o [5]

"A2":                                          0x8
  .noinit              ro code  0x00000410     0x8  startup_MK60DZ10.o [1]
                              - 0x00000418     0x8

"P1", part 2 of 2:                          0x30c4
  .text                ro code  0x00000418   0xbee  xprintflarge_nomb.o [3]
  .text                ro code  0x00001006    0x22  zero_init3.o [5]
  .text                ro code  0x00001028    0x16  strchr.o [5]
  .text                ro code  0x00001040    0x36  strlen.o [5]
  .text                ro code  0x00001078    0x58  memchr.o [5]
  .text                ro code  0x000010d0    0xee  I64DivMod.o [5]
  .text                ro code  0x000011c0    0x76  ABImemcpy_unaligned.o [5]
  .text                ro code  0x00001236    0x42  xdnorm.o [4]
  .text                ro code  0x00001278    0x2e  DblCmpLe.o [4]
  .text                ro code  0x000012a8   0x1a2  DblMul.o [4]
  .text                ro code  0x0000144c   0x246  DblDiv.o [4]
  .text                ro code  0x00001694    0x2c  DblToI32.o [4]
  .text                ro code  0x000016c0    0x1c  I32ToDbl.o [4]
  .text                ro code  0x000016dc   0x180  DblSub.o [4]
  .text                ro code  0x0000185c    0x6c  localeconv.o [3]
  .text                ro code  0x000018c8     0xe  div.o [3]
  .text                ro code  0x000018d8     0x2  I64DivZer.o [5]
  .text                ro code  0x000018dc    0xd4  DblAdd.o [4]
  .text                ro code  0x000019b0     0x2  xtls.o [3]
  .data_init                    0x000019b4   0x7f0  <Block>
    Initializer bytes  ro data  0x000019b4   0x7f0  <for .data-1>
  Veneer               ro code  0x000021a4     0x8  - Linker created -
  .text                ro code  0x000021ac   0x3b8  MK60_mcg.o [1]
  .text                ro code  0x00002564   0x24c  MK60_uart.o [1]
  .text                ro code  0x000027b0    0xb0  MK60_port.o [1]
  Veneer               ro code  0x00002860     0x8  - Linker created -
  Veneer               ro code  0x00002868     0x8  - Linker created -
  .text                ro code  0x00002870   0x140  MK60_conf.o [1]
  .text                ro code  0x000029b0    0xac  VCAN_LED.o [1]
  .text                ro code  0x00002a5c    0x24  printf.o [3]
  .text                ro code  0x00002a80    0x64  MK60_SysTick.o [1]
  .text                ro code  0x00002ae4    0x9c  VCAN_key.o [1]
  .text                ro code  0x00002b80   0x19c  MK60_gpio.o [1]
  CodeRelocate                  0x00002d1c   0x1f0  <Block>
    Initializer bytes  ro data  0x00002d1c   0x1f0  <for CodeRelocateRam-1>
  .text                ro code  0x00002f0c   0x130  system_MK60DZ10.o [1]
  .text                ro code  0x0000303c    0x40  MK60_wdog.o [1]
  .text                ro code  0x0000307c    0x3c  main.o [1]
  .text                ro code  0x000030b8    0x2c  misc.o [1]
  .rodata              const    0x000030e4    0x70  MK60_SysTick.o [1]
  .rodata              const    0x00003154    0x6c  MK60_flash.o [1]
  .rodata              const    0x000031c0    0x6c  MK60_gpio.o [1]
  .rodata              const    0x0000322c    0x6c  MK60_uart.o [1]
  .rodata              const    0x00003298    0x68  misc.o [1]
  .rodata              const    0x00003300    0x3c  MK60_conf.o [1]
  .text                ro code  0x0000333c    0x28  data_init.o [5]
  .rodata              const    0x00003364    0x24  MK60_conf.o [1]
  .iar.init_table      const    0x00003388    0x10  - Linker created -
  .rodata              const    0x00003398    0x20  MK60_conf.o [1]
  .text                ro code  0x000033b8    0x1a  fpinit_M.o [4]
  .text                ro code  0x000033d4    0x1a  cmain.o [5]
  .text                ro code  0x000033ee     0x4  low_level_init.o [3]
  .text                ro code  0x000033f2     0x4  exit.o [3]
  .text                ro code  0x000033f8     0xa  cexit.o [5]
  .text                ro code  0x00003404     0xc  XXexit.o [5]
  .text                ro code  0x00003410    0x16  xprout.o [3]
  .text                ro code  0x00003428     0xc  putchar.o [3]
  .rodata              const    0x00003434    0x14  MK60_conf.o [1]
  .text                ro code  0x00003448     0xc  cstartup_M.o [5]
  Initializer bytes    ro data  0x00003454    0x88  <for P2 s0>
                              - 0x000034dc  0x30c4

"P2":                                        0xac4
  .data                         0x1fff0410   0x7f0  <Block>
    .data-1                     0x1fff0410   0x7f0  <Init block>
      .data            inited   0x1fff0410   0x708  MK60_conf.o [1]
      .data            inited   0x1fff0b18    0x14  MK60_gpio.o [1]
      .data            inited   0x1fff0b2c    0x58  MK60_mcg.o [1]
      .data            inited   0x1fff0b84     0x4  MK60_mcg.o [1]
      .data            inited   0x1fff0b88    0x14  MK60_port.o [1]
      .data            inited   0x1fff0b9c    0x18  MK60_uart.o [1]
      .data            inited   0x1fff0bb4     0x8  VCAN_key.o [1]
      .data            inited   0x1fff0bbc     0x4  VCAN_LED.o [1]
      .data            inited   0x1fff0bc0    0x40  xfiles.o [3]
  CodeRelocateRam               0x1fff0c00   0x1f0  <Block>
    CodeRelocateRam-1           0x1fff0c00   0x1f0  <Init block>
      Veneer           inited   0x1fff0c00     0x8  - Linker created -
      Veneer           inited   0x1fff0c08     0x8  - Linker created -
      .textrw          inited   0x1fff0c10   0x190  MK60_flash.o [1]
      .textrw          inited   0x1fff0da0    0x50  MK60_mcg.o [1]
  .bss                          0x1fff0df0    0x5c  <Block>
    .bss               zero     0x1fff0df0     0x4  system_MK60DZ10.o [1]
    .bss               zero     0x1fff0df4     0x4  system_MK60DZ10.o [1]
    .bss               zero     0x1fff0df8     0x4  system_MK60DZ10.o [1]
    .bss               zero     0x1fff0dfc    0x50  xfiles.o [3]
  P2 s0                         0x1fff0e4c    0x88  <Init block>
    __DLIB_PERTHREAD   inited   0x1fff0e4c    0x88  localeconv.o [3]
                              - 0x1fff0ed4   0xac4


*******************************************************************************
*** INIT TABLE
***

          Address     Size
          -------     ----
Zero (__iar_zero_init3)
    1 destination range, total size 0x5c:
          0x1fff0df0  0x5c



*******************************************************************************
*** MODULE SUMMARY
***

    Module                 ro code  rw code  ro data  rw data
    ------                 -------  -------  -------  -------
D:\实验室\飞思卡尔\新建文件夹\山外K60参考代码V5.3（支持FX、FN和DNZ）\第二章\GPIO_LED\Prj\IAR\FN15_Debug\Obj: [1]
    MK60_SysTick.o             100               112
    MK60_conf.o                320             1 948    1 800
    MK60_flash.o                        400      508
    MK60_gpio.o                412               128       20
    MK60_mcg.o                 952       80      172       92
    MK60_port.o                176                20       20
    MK60_uart.o                588               132       24
    MK60_wdog.o                 64
    VCAN_LED.o                 172                 4        4
    VCAN_key.o                 156                 8        8
    main.o                      60
    misc.o                      44               104
    startup_MK60DZ10.o           8
    system_MK60DZ10.o          304                         12
    vectors.o                                  1 040
    ---------------------------------------------------------
    Total:                   3 356      480    4 176    1 980

command line: [2]
    ---------------------------------------------------------
    Total:

dl7M_tlf.a: [3]
    div.o                       14
    exit.o                       4
    localeconv.o               108               136      136
    low_level_init.o             4
    printf.o                    36
    putchar.o                   12
    xfiles.o                                      64      144
    xprintflarge_nomb.o      3 054
    xprout.o                    22
    xtls.o                       2
    ---------------------------------------------------------
    Total:                   3 256               200      280

m7M_tlv.a: [4]
    DblAdd.o                   212
    DblCmpLe.o                  46
    DblDiv.o                   582
    DblMul.o                   418
    DblSub.o                   384
    DblToI32.o                  44
    I32ToDbl.o                  28
    fpinit_M.o                  26
    xdnorm.o                    66
    ---------------------------------------------------------
    Total:                   1 806

rt7M_tl.a: [5]
    ABImemcpy_unaligned.o      118
    I64DivMod.o                238
    I64DivZer.o                  2
    XXexit.o                    12
    cexit.o                     10
    cmain.o                     26
    cstartup_M.o                12
    data_init.o                 40
    memchr.o                    88
    strchr.o                    22
    strlen.o                    54
    zero_init3.o                34
    ---------------------------------------------------------
    Total:                     656

    Gaps                        24
    Linker created              24       16       32
-------------------------------------------------------------
    Grand Total:             9 122      496    4 408    2 260


*******************************************************************************
*** ENTRY LIST
***

Entry                      Address   Size  Type      Object
-----                      -------   ----  ----      ------
.bss$$Base              0x1fff0df0          --   Gb  - Linker created -
.bss$$Limit             0x1fff0e4c          --   Gb  - Linker created -
.data$$Base             0x1fff0410          --   Gb  - Linker created -
.data$$Limit            0x1fff0c00          --   Gb  - Linker created -
.data_init$$Base        0x000019b4          --   Gb  - Linker created -
.data_init$$Limit       0x000021a4          --   Gb  - Linker created -
?main                   0x000033d5         Code  Gb  cmain.o [5]
ASSERT_FAILED_STR       0x00003364   0x24  Data  Gb  MK60_conf.o [1]
CodeRelocate$$Base      0x00002d1c          --   Gb  - Linker created -
CodeRelocate$$Limit     0x00002f0c          --   Gb  - Linker created -
CodeRelocateRam$$Base   0x1fff0c00          --   Gb  - Linker created -
CodeRelocateRam$$Limit  0x1fff0df0          --   Gb  - Linker created -
GPIOX                   0x1fff0b18   0x14  Data  Gb  MK60_gpio.o [1]
KEY_PTxn                0x1fff0bb4    0x8  Data  Gb  VCAN_key.o [1]
LED_PTxn                0x1fff0bbc    0x4  Data  Gb  VCAN_LED.o [1]
LoadInt                 0x00000995   0x6e  Code  Lc  xprintflarge_nomb.o [3]
NVIC_SystemReset        0x00002871   0x1a  Code  Lc  MK60_conf.o [1]
PORTX                   0x1fff0b88   0x14  Data  Gb  MK60_port.o [1]
Region$$Table$$Base     0x00003388          --   Gb  - Linker created -
Region$$Table$$Limit    0x00003398          --   Gb  - Linker created -
Reset_Handler           0x00000411         Code  Gb  startup_MK60DZ10.o [1]
UARTN                   0x1fff0b9c   0x18  Data  Gb  MK60_uart.o [1]
_GenldLargeNoMb         0x00000d89  0x236  Code  Lc  xprintflarge_nomb.o [3]
_LdtobLargeNoMb         0x00000b09  0x27a  Code  Lc  xprintflarge_nomb.o [3]
_LitobLargeNoMb         0x00000a03  0x106  Code  Lc  xprintflarge_nomb.o [3]
_Locale_aeabi_lconv     0x1fff0e9c   0x38  Data  Gb  localeconv.o [3]
_Locale_lconv           0x1fff0e4c   0x50  Data  Gb  localeconv.o [3]
_PrintfLargeNoMb        0x00000419  0x576  Code  Gb  xprintflarge_nomb.o [3]
_Prout                  0x00003411   0x16  Code  Gb  xprout.o [3]
_PutcharsLargeNoMb      0x00000fbf   0x2e  Code  Lc  xprintflarge_nomb.o [3]
__BOOT_STACK_ADDRESS {Abs}
                        0x2000fff8          --   Gb  command line/config [2]
__VECTOR_RAM {Abs}      0x1fff0000          --   Gb  command line/config [2]
__VECTOR_TABLE {Abs}    0x00000000          --   Gb  command line/config [2]
__aeabi_cdcmple         0x00001279         Code  Gb  DblCmpLe.o [4]
__aeabi_d2uiz           0x00001695         Code  Gb  DblToI32.o [4]
__aeabi_ddiv            0x0000144d         Code  Gb  DblDiv.o [4]
__aeabi_dmul            0x000012a9         Code  Gb  DblMul.o [4]
__aeabi_dsub            0x000016dd         Code  Gb  DblSub.o [4]
__aeabi_ldiv0           0x000018d9         Code  Gb  I64DivZer.o [5]
__aeabi_ui2d            0x000016c1         Code  Gb  I32ToDbl.o [4]
__aeabi_uldivmod        0x000010d1         Code  Gb  I64DivMod.o [5]
__as_entries_start      0xffffffff          --   Gb  command line/config [2]
__as_table_start        0xffffffff          --   Gb  command line/config [2]
__cmain                 0x000033d5         Code  Gb  cmain.o [5]
__code_start__ {Abs}    0x00000410          --   Gb  command line/config [2]
__exit                  0x00003405         Code  Gb  XXexit.o [5]
__iar_Dnorm             0x00001237   0x42  Code  Gb  xdnorm.o [4]
__iar_Locale_lconv_init
                        0x0000185d   0x3a  Code  Gb  localeconv.o [3]
__iar_Memchr            0x00001079         Code  Gb  memchr.o [5]
__iar_Stdout            0x1fff0bc0   0x40  Data  Gb  xfiles.o [3]
__iar_Strchr            0x00001029         Code  Gb  strchr.o [5]
__iar_d2uiz             0x000016a1         Code  Gb  DblToI32.o [4]
__iar_dadd              0x000018dd         Code  Gb  DblAdd.o [4]
__iar_data_init3        0x0000333d   0x28  Code  Gb  data_init.o [5]
__iar_dlib_perthread_access
                        0x000019b1    0x2  Code  Gb  xtls.o [3]
__iar_dsub              0x000016f1         Code  Gb  DblSub.o [4]
__iar_dsubStart         0x00001703         Code  Gb  DblSub.o [4]
__iar_init_vfp          0x000033b9         Code  Gb  fpinit_M.o [4]
__iar_program_start     0x00003449         Code  Gb  cstartup_M.o [5]
__iar_ui2d              0x000016c5         Code  Gb  I32ToDbl.o [4]
__iar_unaligned___aeabi_memcpy
                        0x000011c1         Code  Gb  ABImemcpy_unaligned.o [5]
__iar_unaligned___aeabi_memcpy4
                        0x000011e1         Code  Gb  ABImemcpy_unaligned.o [5]
__iar_unaligned___aeabi_memcpy8
                        0x000011e1         Code  Gb  ABImemcpy_unaligned.o [5]
__iar_zero_init3        0x00001007   0x22  Code  Gb  zero_init3.o [5]
__low_level_init        0x000033ef    0x4  Code  Gb  low_level_init.o [3]
__vector_table          0x00000000  0x410  Data  Gb  vectors.o [1]
_call_main              0x000033e1         Code  Gb  cmain.o [5]
_exit                   0x000033f9         Code  Gb  cexit.o [5]
_main                   0x000033eb         Code  Gb  cmain.o [5]
assert_failed           0x0000288b   0x26  Code  Gb  MK60_conf.o [1]
bus_clk_khz             0x1fff0df8    0x4  Data  Gb  system_MK60DZ10.o [1]
common_startup          0x00002f6b   0x98  Code  Gb  system_MK60DZ10.o [1]
core_clk_khz            0x1fff0df0    0x4  Data  Gb  system_MK60DZ10.o [1]
core_clk_mhz            0x1fff0df4    0x4  Data  Gb  system_MK60DZ10.o [1]
default_isr             0x0000295f   0x30  Code  Gb  MK60_conf.o [1]
div                     0x000018c9    0xe  Code  Gb  div.o [3]
exit                    0x000033f3    0x4  Code  Gb  exit.o [3]
flash_cmd               0x1fff0c11   0x20  Code  Gb  MK60_flash.o [1]
flash_erase_sector      0x1fff0c55   0x5c  Code  Gb  MK60_flash.o [1]
flash_init              0x1fff0c31   0x24  Code  Gb  MK60_flash.o [1]
flash_write             0x1fff0cb1   0xb4  Code  Gb  MK60_flash.o [1]
fputc                   0x000028b1   0x14  Code  Gb  MK60_conf.o [1]
gpio_get                0x00002cd9   0x3a  Code  Gb  MK60_gpio.o [1]
gpio_init               0x00002b81   0xae  Code  Gb  MK60_gpio.o [1]
gpio_set                0x00002c2f   0x72  Code  Gb  MK60_gpio.o [1]
gpio_turn               0x00002ca1   0x38  Code  Gb  MK60_gpio.o [1]
key_check               0x00002b51   0x2a  Code  Gb  VCAN_key.o [1]
key_get                 0x00002b37   0x1a  Code  Gb  VCAN_key.o [1]
key_init                0x00002ae5   0x52  Code  Gb  VCAN_key.o [1]
led                     0x000029eb   0x3c  Code  Gb  VCAN_LED.o [1]
led_init                0x000029b1   0x3a  Code  Gb  VCAN_LED.o [1]
led_turn                0x00002a27   0x32  Code  Gb  VCAN_LED.o [1]
localeconv              0x00001897   0x16  Code  Gb  localeconv.o [3]
main                    0x0000307d   0x3c  Code  Gb  main.o [1]
mcg_cfg                 0x1fff0b2c   0x58  Data  Gb  MK60_mcg.o [1]
mcg_div                 0x1fff0b84    0x4  Data  Gb  MK60_mcg.o [1]
mcg_div_count           0x000021ad  0x2e8  Code  Gb  MK60_mcg.o [1]
memchr                  0x00001079         Code  Gb  memchr.o [5]
obuf                    0x1fff0dfc   0x50  Data  Lc  xfiles.o [3]
pll_init                0x00002495   0xb2  Code  Gb  MK60_mcg.o [1]
port_init               0x000027b1   0x44  Code  Gb  MK60_port.o [1]
port_init_NoALT         0x000027f5   0x62  Code  Gb  MK60_port.o [1]
printf                  0x00002a5d   0x24  Code  Gb  printf.o [3]
putchar                 0x00003429    0xc  Code  Gb  putchar.o [3]
set_sys_dividers        0x1fff0da1   0x50  Code  Gb  MK60_mcg.o [1]
start                   0x00002f0d   0x22  Code  Gb  system_MK60DZ10.o [1]
start_check             0x000028c5   0x9a  Code  Gb  MK60_conf.o [1]
strchr                  0x00001029         Code  Gb  strchr.o [5]
strlen                  0x00001041         Code  Gb  strlen.o [5]
sysinit                 0x00002f2f   0x3c  Code  Gb  system_MK60DZ10.o [1]
systick_delay           0x00002a81   0x36  Code  Gb  MK60_SysTick.o [1]
systick_delay_ms        0x00002ab7   0x18  Code  Gb  MK60_SysTick.o [1]
uart_init               0x00002565  0x218  Code  Gb  MK60_uart.o [1]
uart_putchar            0x0000277d   0x1a  Code  Gb  MK60_uart.o [1]
vector_str              0x1fff0410  0x708  Data  Gb  MK60_conf.o [1]
wdog_disable            0x0000303d   0x16  Code  Gb  MK60_wdog.o [1]
wdog_unlock             0x00003053   0x20  Code  Lc  MK60_wdog.o [1]
write_vtor              0x000030b9   0x22  Code  Gb  misc.o [1]


[1] = D:\实验室\飞思卡尔\新建文件夹\山外K60参考代码V5.3（支持FX、FN和DNZ）\第二章\GPIO_LED\Prj\IAR\FN15_Debug\Obj
[2] = command line
[3] = dl7M_tlf.a
[4] = m7M_tlv.a
[5] = rt7M_tl.a

  9 122 bytes of readonly  code memory
    496 bytes of readwrite code memory
  4 408 bytes of readonly  data memory
  2 260 bytes of readwrite data memory

Errors: none
Warnings: none
