###############################################################################
#
# IAR ELF Linker V8.32.1.169/W32 for ARM                  28/Nov/2019  16:28:19
# Copyright 2007-2018 IAR Systems AB.
#
#    Output file  =  
#        D:\study\Github\demo\BJTUwh-dlqx-Intelligent-Car\¶æ»ú×óÓÒ°Ú¶¯\Prj\IAR\DZ10_Debug\Exe\vcan_Kinetis.out
#    Map file     =  
#        D:\study\Github\demo\BJTUwh-dlqx-Intelligent-Car\¶æ»ú×óÓÒ°Ú¶¯\Prj\IAR\DZ10_Debug\List\vcan_Kinetis.map
#    Command line =  
#        -f C:\Users\ÒÀÈ»Èô¿É\AppData\Local\Temp\EW9FE2.tmp
#        (D:\study\Github\demo\BJTUwh-dlqx-Intelligent-Car\¶æ»ú×óÓÒ°Ú¶¯\Prj\IAR\DZ10_Debug\Obj\diskio.o
#        D:\study\Github\demo\BJTUwh-dlqx-Intelligent-Car\¶æ»ú×óÓÒ°Ú¶¯\Prj\IAR\DZ10_Debug\Obj\ff.o
#        D:\study\Github\demo\BJTUwh-dlqx-Intelligent-Car\¶æ»ú×óÓÒ°Ú¶¯\Prj\IAR\DZ10_Debug\Obj\main.o
#        D:\study\Github\demo\BJTUwh-dlqx-Intelligent-Car\¶æ»ú×óÓÒ°Ú¶¯\Prj\IAR\DZ10_Debug\Obj\misc.o
#        D:\study\Github\demo\BJTUwh-dlqx-Intelligent-Car\¶æ»ú×óÓÒ°Ú¶¯\Prj\IAR\DZ10_Debug\Obj\MK60_adc.o
#        D:\study\Github\demo\BJTUwh-dlqx-Intelligent-Car\¶æ»ú×óÓÒ°Ú¶¯\Prj\IAR\DZ10_Debug\Obj\MK60_can.o
#        D:\study\Github\demo\BJTUwh-dlqx-Intelligent-Car\¶æ»ú×óÓÒ°Ú¶¯\Prj\IAR\DZ10_Debug\Obj\MK60_conf.o
#        D:\study\Github\demo\BJTUwh-dlqx-Intelligent-Car\¶æ»ú×óÓÒ°Ú¶¯\Prj\IAR\DZ10_Debug\Obj\MK60_dac.o
#        D:\study\Github\demo\BJTUwh-dlqx-Intelligent-Car\¶æ»ú×óÓÒ°Ú¶¯\Prj\IAR\DZ10_Debug\Obj\MK60_dma.o
#        D:\study\Github\demo\BJTUwh-dlqx-Intelligent-Car\¶æ»ú×óÓÒ°Ú¶¯\Prj\IAR\DZ10_Debug\Obj\MK60_DWT.o
#        D:\study\Github\demo\BJTUwh-dlqx-Intelligent-Car\¶æ»ú×óÓÒ°Ú¶¯\Prj\IAR\DZ10_Debug\Obj\MK60_flash.o
#        D:\study\Github\demo\BJTUwh-dlqx-Intelligent-Car\¶æ»ú×óÓÒ°Ú¶¯\Prj\IAR\DZ10_Debug\Obj\MK60_flexbus.o
#        D:\study\Github\demo\BJTUwh-dlqx-Intelligent-Car\¶æ»ú×óÓÒ°Ú¶¯\Prj\IAR\DZ10_Debug\Obj\MK60_ftm.o
#        D:\study\Github\demo\BJTUwh-dlqx-Intelligent-Car\¶æ»ú×óÓÒ°Ú¶¯\Prj\IAR\DZ10_Debug\Obj\MK60_gpio.o
#        D:\study\Github\demo\BJTUwh-dlqx-Intelligent-Car\¶æ»ú×óÓÒ°Ú¶¯\Prj\IAR\DZ10_Debug\Obj\MK60_i2c.o
#        D:\study\Github\demo\BJTUwh-dlqx-Intelligent-Car\¶æ»ú×óÓÒ°Ú¶¯\Prj\IAR\DZ10_Debug\Obj\MK60_it.o
#        D:\study\Github\demo\BJTUwh-dlqx-Intelligent-Car\¶æ»ú×óÓÒ°Ú¶¯\Prj\IAR\DZ10_Debug\Obj\MK60_lptmr.o
#        D:\study\Github\demo\BJTUwh-dlqx-Intelligent-Car\¶æ»ú×óÓÒ°Ú¶¯\Prj\IAR\DZ10_Debug\Obj\MK60_mcg.o
#        D:\study\Github\demo\BJTUwh-dlqx-Intelligent-Car\¶æ»ú×óÓÒ°Ú¶¯\Prj\IAR\DZ10_Debug\Obj\MK60_PIT.o
#        D:\study\Github\demo\BJTUwh-dlqx-Intelligent-Car\¶æ»ú×óÓÒ°Ú¶¯\Prj\IAR\DZ10_Debug\Obj\MK60_port.o
#        D:\study\Github\demo\BJTUwh-dlqx-Intelligent-Car\¶æ»ú×óÓÒ°Ú¶¯\Prj\IAR\DZ10_Debug\Obj\MK60_rtc.o
#        D:\study\Github\demo\BJTUwh-dlqx-Intelligent-Car\¶æ»ú×óÓÒ°Ú¶¯\Prj\IAR\DZ10_Debug\Obj\MK60_sdhc.o
#        D:\study\Github\demo\BJTUwh-dlqx-Intelligent-Car\¶æ»ú×óÓÒ°Ú¶¯\Prj\IAR\DZ10_Debug\Obj\MK60_spi.o
#        D:\study\Github\demo\BJTUwh-dlqx-Intelligent-Car\¶æ»ú×óÓÒ°Ú¶¯\Prj\IAR\DZ10_Debug\Obj\MK60_SysTick.o
#        D:\study\Github\demo\BJTUwh-dlqx-Intelligent-Car\¶æ»ú×óÓÒ°Ú¶¯\Prj\IAR\DZ10_Debug\Obj\MK60_uart.o
#        D:\study\Github\demo\BJTUwh-dlqx-Intelligent-Car\¶æ»ú×óÓÒ°Ú¶¯\Prj\IAR\DZ10_Debug\Obj\MK60_usb.o
#        D:\study\Github\demo\BJTUwh-dlqx-Intelligent-Car\¶æ»ú×óÓÒ°Ú¶¯\Prj\IAR\DZ10_Debug\Obj\MK60_wdog.o
#        D:\study\Github\demo\BJTUwh-dlqx-Intelligent-Car\¶æ»ú×óÓÒ°Ú¶¯\Prj\IAR\DZ10_Debug\Obj\startup_MK60DZ10.o
#        D:\study\Github\demo\BJTUwh-dlqx-Intelligent-Car\¶æ»ú×óÓÒ°Ú¶¯\Prj\IAR\DZ10_Debug\Obj\system_MK60DZ10.o
#        D:\study\Github\demo\BJTUwh-dlqx-Intelligent-Car\¶æ»ú×óÓÒ°Ú¶¯\Prj\IAR\DZ10_Debug\Obj\USB.o
#        D:\study\Github\demo\BJTUwh-dlqx-Intelligent-Car\¶æ»ú×óÓÒ°Ú¶¯\Prj\IAR\DZ10_Debug\Obj\USB_CDC.o
#        D:\study\Github\demo\BJTUwh-dlqx-Intelligent-Car\¶æ»ú×óÓÒ°Ú¶¯\Prj\IAR\DZ10_Debug\Obj\VCAN_ASCII.o
#        D:\study\Github\demo\BJTUwh-dlqx-Intelligent-Car\¶æ»ú×óÓÒ°Ú¶¯\Prj\IAR\DZ10_Debug\Obj\VCAN_BMP.o
#        D:\study\Github\demo\BJTUwh-dlqx-Intelligent-Car\¶æ»ú×óÓÒ°Ú¶¯\Prj\IAR\DZ10_Debug\Obj\VCAN_camera.o
#        D:\study\Github\demo\BJTUwh-dlqx-Intelligent-Car\¶æ»ú×óÓÒ°Ú¶¯\Prj\IAR\DZ10_Debug\Obj\VCAN_computer.o
#        D:\study\Github\demo\BJTUwh-dlqx-Intelligent-Car\¶æ»ú×óÓÒ°Ú¶¯\Prj\IAR\DZ10_Debug\Obj\vcan_img2sd.o
#        D:\study\Github\demo\BJTUwh-dlqx-Intelligent-Car\¶æ»ú×óÓÒ°Ú¶¯\Prj\IAR\DZ10_Debug\Obj\VCAN_key.o
#        D:\study\Github\demo\BJTUwh-dlqx-Intelligent-Car\¶æ»ú×óÓÒ°Ú¶¯\Prj\IAR\DZ10_Debug\Obj\VCAN_key_event.o
#        D:\study\Github\demo\BJTUwh-dlqx-Intelligent-Car\¶æ»ú×óÓÒ°Ú¶¯\Prj\IAR\DZ10_Debug\Obj\VCAN_LCD.o
#        D:\study\Github\demo\BJTUwh-dlqx-Intelligent-Car\¶æ»ú×óÓÒ°Ú¶¯\Prj\IAR\DZ10_Debug\Obj\VCAN_LCD_CH.o
#        D:\study\Github\demo\BJTUwh-dlqx-Intelligent-Car\¶æ»ú×óÓÒ°Ú¶¯\Prj\IAR\DZ10_Debug\Obj\VCAN_LCD_ILI9325.o
#        D:\study\Github\demo\BJTUwh-dlqx-Intelligent-Car\¶æ»ú×óÓÒ°Ú¶¯\Prj\IAR\DZ10_Debug\Obj\VCAN_LCD_ILI9341.o
#        D:\study\Github\demo\BJTUwh-dlqx-Intelligent-Car\¶æ»ú×óÓÒ°Ú¶¯\Prj\IAR\DZ10_Debug\Obj\VCAN_LCD_ST7735R.o
#        D:\study\Github\demo\BJTUwh-dlqx-Intelligent-Car\¶æ»ú×óÓÒ°Ú¶¯\Prj\IAR\DZ10_Debug\Obj\VCAN_LCD_ST7735S.o
#        D:\study\Github\demo\BJTUwh-dlqx-Intelligent-Car\¶æ»ú×óÓÒ°Ú¶¯\Prj\IAR\DZ10_Debug\Obj\VCAN_LED.o
#        D:\study\Github\demo\BJTUwh-dlqx-Intelligent-Car\¶æ»ú×óÓÒ°Ú¶¯\Prj\IAR\DZ10_Debug\Obj\VCAN_MMA7455.o
#        D:\study\Github\demo\BJTUwh-dlqx-Intelligent-Car\¶æ»ú×óÓÒ°Ú¶¯\Prj\IAR\DZ10_Debug\Obj\VCAN_NRF24L0.o
#        D:\study\Github\demo\BJTUwh-dlqx-Intelligent-Car\¶æ»ú×óÓÒ°Ú¶¯\Prj\IAR\DZ10_Debug\Obj\VCAN_NRF24L0_MSG.o
#        D:\study\Github\demo\BJTUwh-dlqx-Intelligent-Car\¶æ»ú×óÓÒ°Ú¶¯\Prj\IAR\DZ10_Debug\Obj\VCAN_OV7725_Eagle.o
#        D:\study\Github\demo\BJTUwh-dlqx-Intelligent-Car\¶æ»ú×óÓÒ°Ú¶¯\Prj\IAR\DZ10_Debug\Obj\VCAN_OV7725_Wolf.o
#        D:\study\Github\demo\BJTUwh-dlqx-Intelligent-Car\¶æ»ú×óÓÒ°Ú¶¯\Prj\IAR\DZ10_Debug\Obj\VCAN_RTC_count.o
#        D:\study\Github\demo\BJTUwh-dlqx-Intelligent-Car\¶æ»ú×óÓÒ°Ú¶¯\Prj\IAR\DZ10_Debug\Obj\VCAN_SCCB.o
#        D:\study\Github\demo\BJTUwh-dlqx-Intelligent-Car\¶æ»ú×óÓÒ°Ú¶¯\Prj\IAR\DZ10_Debug\Obj\vcan_sd_app.o
#        D:\study\Github\demo\BJTUwh-dlqx-Intelligent-Car\¶æ»ú×óÓÒ°Ú¶¯\Prj\IAR\DZ10_Debug\Obj\Vcan_touch.o
#        D:\study\Github\demo\BJTUwh-dlqx-Intelligent-Car\¶æ»ú×óÓÒ°Ú¶¯\Prj\IAR\DZ10_Debug\Obj\VCAN_TSL1401.o
#        D:\study\Github\demo\BJTUwh-dlqx-Intelligent-Car\¶æ»ú×óÓÒ°Ú¶¯\Prj\IAR\DZ10_Debug\Obj\VCAN_UI_VAR.o
#        D:\study\Github\demo\BJTUwh-dlqx-Intelligent-Car\¶æ»ú×óÓÒ°Ú¶¯\Prj\IAR\DZ10_Debug\Obj\vectors.o
#        --redirect _Printf=_PrintfLargeNoMb --redirect _Scanf=_ScanfLargeNoMb
#        --no_out_extension -o
#        D:\study\Github\demo\BJTUwh-dlqx-Intelligent-Car\¶æ»ú×óÓÒ°Ú¶¯\Prj\IAR\DZ10_Debug\Exe\vcan_Kinetis.out
#        --map
#        D:\study\Github\demo\BJTUwh-dlqx-Intelligent-Car\¶æ»ú×óÓÒ°Ú¶¯\Prj\IAR\DZ10_Debug\List\vcan_Kinetis.map
#        --config
#        "D:\study\Github\demo\BJTUwh-dlqx-Intelligent-Car\¶æ»ú×óÓÒ°Ú¶¯\Prj\IAR\config
#        files\vcan_ROM_K60N512.icf"
#        D:\study\Github\demo\BJTUwh-dlqx-Intelligent-Car\¶æ»ú×óÓÒ°Ú¶¯\Prj\IAR\..\..\Lib\CMSIS\iar_cortexM4l_math.a
#        --entry __iar_program_start --vfe --text_out locale)
#
###############################################################################

*******************************************************************************
*** RUNTIME MODEL ATTRIBUTES
***

CppFlavor       = *
__SystemLibrary = DLib
__dlib_version  = 6


*******************************************************************************
*** HEAP SELECTION
***

The basic heap was selected because no calls to memory allocation
functions were found in the application outside of system library
functions, and there are calls to deallocation functions in the
application.


*******************************************************************************
*** PLACEMENT SUMMARY
***

"A0":  place at 0x0 { ro section .intvec };
"A1":  place at 0x410 { ro section .noinit };
define block CodeRelocate { section .textrw_init };
"P1":  place in [from 0x0 to 0x8'0000] { ro, block CodeRelocate };
define block CodeRelocateRam { section .textrw };
define block CSTACK with size = 4K, alignment = 8 { };
define block HEAP with size = 2K, alignment = 8 { };
"P2":  place in [from 0x1fff'0410 to 0x2001'0000] {
          rw, block CodeRelocateRam, block CSTACK, block HEAP };
initialize manually with packing = copy, complex ranges { section .data };
initialize manually with packing = copy, complex ranges { section .textrw };

  Section              Kind         Address    Size  Object
  -------              ----         -------    ----  ------
"A0":                                         0x410
  .intvec              const            0x0   0x410  vectors.o [1]
                                    - 0x410   0x410

"A1":                                           0x8
  .noinit              ro code        0x410     0x8  startup_MK60DZ10.o [1]
                                    - 0x418     0x8

"P1":                                        0x380c
  .text                ro code        0x418   0xc16  xprintflarge_nomb.o [2]
  .text                ro code       0x102e    0x3a  zero_init3.o [4]
  .text                ro code       0x1068    0x16  strchr.o [4]
  .text                ro code       0x1080    0x40  xfail_s.o [2]
  .text                ro code       0x10c0    0x36  strlen.o [4]
  .text                ro code       0x10f8    0x58  memchr.o [4]
  .text                ro code       0x1150   0x230  I64DivMod.o [4]
  .text                ro code       0x1380   0x1a2  DblMul.o [3]
  .text                ro code       0x1524    0xa6  ABImemcpy.o [4]
  .text                ro code       0x15cc    0x70  frexp.o [3]
  .text                ro code       0x163c   0x246  DblDiv.o [3]
  .text                ro code       0x1884    0x28  DblToU32.o [3]
  .text                ro code       0x18ac    0x1a  U32ToDbl.o [3]
  .text                ro code       0x18c8    0xe2  DblSub.o [3]
  .text                ro code       0x19ac     0x8  xlocale_c.o [2]
  .text                ro code       0x19b4     0x6  abort.o [2]
  .text                ro code       0x19bc     0x2  I64DivZer.o [4]
  .text                ro code       0x19c0   0x16a  DblAdd.o [3]
  .text                ro code       0x1b2c     0xc  XXexit.o [4]
  .data_init                         0x1b38   0x828  <Block>
    Initializer bytes  const         0x1b38   0x828  <for .data-1>
  Veneer               ro code       0x2360     0x8  - Linker created -
  .text                ro code       0x2368   0x3b4  MK60_mcg.o [1]
  .text                ro code       0x271c   0x394  MK60_ftm.o [1]
  .text                ro code       0x2ab0    0xb8  MK60_port.o [1]
  Veneer               ro code       0x2b68     0x8  - Linker created -
  Veneer               ro code       0x2b70     0x8  - Linker created -
  .text                ro code       0x2b78   0x140  MK60_conf.o [1]
  .text                ro code       0x2cb8    0x80  VCAN_LED.o [1]
  .text                ro code       0x2d38    0x28  printf.o [2]
  .text                ro code       0x2d60    0x60  MK60_SysTick.o [1]
  .text                ro code       0x2dc0   0x22c  MK60_uart.o [1]
  .text                ro code       0x2fec    0xa4  VCAN_key.o [1]
  .text                ro code       0x3090   0x138  MK60_gpio.o [1]
  CodeRelocate                       0x31c8   0x1bc  <Block>
    Initializer bytes  const         0x31c8   0x1bc  <for CodeRelocateRam-1>
  .text                ro code       0x3384   0x118  system_MK60DZ10.o [1]
  .text                ro code       0x349c    0x40  MK60_wdog.o [1]
  .text                ro code       0x34dc    0x56  main.o [1]
  .text                ro code       0x3534    0x2c  misc.o [1]
  .rodata              const         0x3560    0xf0  MK60_flash.o [1]
  .rodata              const         0x3650    0xf0  MK60_gpio.o [1]
  .rodata              const         0x3740    0xf0  MK60_SysTick.o [1]
  .rodata              const         0x3830    0xf0  MK60_uart.o [1]
  .rodata              const         0x3920    0xec  MK60_ftm.o [1]
  .rodata              const         0x3a0c    0xe8  misc.o [1]
  .rodata              const         0x3af4    0x3c  MK60_conf.o [1]
  .text                ro code       0x3b30    0x28  data_init.o [4]
  .rodata              const         0x3b58    0x24  MK60_conf.o [1]
  .iar.init_table      const         0x3b7c    0x10  - Linker created -
  .rodata              const         0x3b8c    0x20  MK60_conf.o [1]
  .text                ro code       0x3bac    0x1e  cmain.o [4]
  .text                ro code       0x3bca     0x4  low_level_init.o [2]
  .text                ro code       0x3bce     0x4  exit.o [2]
  .text                ro code       0x3bd4     0xa  cexit.o [4]
  .text                ro code       0x3bde    0x16  xprout.o [2]
  .text                ro code       0x3bf4     0xc  putchar.o [2]
  .rodata              const         0x3c00    0x14  MK60_conf.o [1]
  .text                ro code       0x3c14     0xc  cstartup_M.o [4]
  .rodata              const         0x3c20     0x4  xlocale_c.o [2]
  .rodata              const         0x3c24     0x0  zero_init3.o [4]
                                   - 0x3c24  0x380c

"P2", part 1 of 2:                            0x9e4
  .data                         0x1fff'0410   0x828  <Block>
    .data-1                     0x1fff'0410   0x828  <Init block>
      .data            inited   0x1fff'0410   0x708  MK60_conf.o [1]
      .data            inited   0x1fff'0b18     0xc  MK60_ftm.o [1]
      .data            inited   0x1fff'0b24    0x14  MK60_gpio.o [1]
      .data            inited   0x1fff'0b38    0x44  MK60_mcg.o [1]
      .data            inited   0x1fff'0b7c     0x4  MK60_mcg.o [1]
      .data            inited   0x1fff'0b80    0x14  MK60_port.o [1]
      .data            inited   0x1fff'0b94    0x18  MK60_uart.o [1]
      .data            inited   0x1fff'0bac     0x8  VCAN_key.o [1]
      .data            inited   0x1fff'0bb4     0x4  VCAN_LED.o [1]
      .data            inited   0x1fff'0bb8    0x38  xlocale_c.o [2]
      .data            inited   0x1fff'0bf0    0x48  xfiles.o [2]
  CodeRelocateRam               0x1fff'0c38   0x1bc  <Block>
    CodeRelocateRam-1           0x1fff'0c38   0x1bc  <Init block>
      Veneer           inited   0x1fff'0c38     0x8  - Linker created -
      Veneer           inited   0x1fff'0c40     0x8  - Linker created -
      .textrw          inited   0x1fff'0c48   0x164  MK60_flash.o [1]
      .textrw          inited   0x1fff'0dac    0x48  MK60_mcg.o [1]
                              - 0x1fff'0df4   0x9e4

"P2", part 2 of 2:                             0x6c
  .bss                          0x1fff'0df4    0x6c  <Block>
    .bss               zero     0x1fff'0df4     0xc  MK60_ftm.o [1]
    .bss               zero     0x1fff'0e00     0x4  system_MK60DZ10.o [1]
    .bss               zero     0x1fff'0e04     0x4  system_MK60DZ10.o [1]
    .bss               zero     0x1fff'0e08     0x4  system_MK60DZ10.o [1]
    .bss               zero     0x1fff'0e0c     0x4  xfail_s.o [2]
    .bss               zero     0x1fff'0e10    0x50  xfiles.o [2]
                              - 0x1fff'0e60    0x6c

Unused ranges:

         From           To      Size
         ----           --      ----
       0x3c24     0x8'0000  0x7'c3dd
  0x1fff'0e60  0x2001'0000  0x1'f1a1


*******************************************************************************
*** INIT TABLE
***

          Address      Size
          -------      ----
Zero (__iar_zero_init3)
    1 destination range, total size 0x6c:
          0x1fff'0df4  0x6c



*******************************************************************************
*** MODULE SUMMARY
***

    Module               ro code  rw code  ro data  rw data
    ------               -------  -------  -------  -------
command line/config:
    -------------------------------------------------------
    Total:

D:\study\Github\demo\BJTUwh-dlqx-Intelligent-Car\¶æ»ú×óÓÒ°Ú¶¯\Prj\IAR\DZ10_Debug\Obj: [1]
    MK60_SysTick.o            96               240
    MK60_conf.o              320             1 948    1 800
    MK60_flash.o                      356      596
    MK60_ftm.o               916               248       24
    MK60_gpio.o              312               260       20
    MK60_mcg.o               948       72      144       72
    MK60_port.o              184                20       20
    MK60_uart.o              556               264       24
    MK60_wdog.o               64
    VCAN_LED.o               128                 4        4
    VCAN_key.o               164                 8        8
    main.o                    86
    misc.o                    44               232
    startup_MK60DZ10.o         8
    system_MK60DZ10.o        280                         12
    vectors.o                                1 040
    -------------------------------------------------------
    Total:                 4 106      428    5 004    1 984

dl7M_tlf.a: [2]
    abort.o                    6
    exit.o                     4
    low_level_init.o           4
    printf.o                  40
    putchar.o                 12
    xfail_s.o                 64                          4
    xfiles.o                                    72      152
    xlocale_c.o                8                60       56
    xprintflarge_nomb.o    3 094
    xprout.o                  22
    -------------------------------------------------------
    Total:                 3 254               132      212

m7M_tl.a: [3]
    DblAdd.o                 362
    DblDiv.o                 582
    DblMul.o                 418
    DblSub.o                 226
    DblToU32.o                40
    U32ToDbl.o                26
    frexp.o                  112
    -------------------------------------------------------
    Total:                 1 766

rt7M_tl.a: [4]
    ABImemcpy.o              166
    I64DivMod.o              560
    I64DivZer.o                2
    XXexit.o                  12
    cexit.o                   10
    cmain.o                   30
    cstartup_M.o              12
    data_init.o               40
    memchr.o                  88
    strchr.o                  22
    strlen.o                  54
    zero_init3.o              58
    -------------------------------------------------------
    Total:                 1 054

    Gaps                      24
    Linker created            24       16       32
-----------------------------------------------------------
    Grand Total:          10 228      444    5 168    2 196


*******************************************************************************
*** ENTRY LIST
***

Entry                       Address   Size  Type      Object
-----                       -------   ----  ----      ------
.bss$$Base              0x1fff'0df4          --   Gb  - Linker created -
.bss$$Limit             0x1fff'0e60          --   Gb  - Linker created -
.data$$Base             0x1fff'0410          --   Gb  - Linker created -
.data$$Limit            0x1fff'0c38          --   Gb  - Linker created -
.data_init$$Base             0x1b38          --   Gb  - Linker created -
.data_init$$Limit            0x2360          --   Gb  - Linker created -
.iar.init_table$$Base        0x3b7c          --   Gb  - Linker created -
.iar.init_table$$Limit       0x3b8c          --   Gb  - Linker created -
?main                        0x3bad         Code  Gb  cmain.o [4]
ASSERT_FAILED_STR            0x3b58   0x24  Data  Gb  MK60_conf.o [1]
CodeRelocate$$Base           0x31c8          --   Gb  - Linker created -
CodeRelocate$$Limit          0x3384          --   Gb  - Linker created -
CodeRelocateRam$$Base   0x1fff'0c38          --   Gb  - Linker created -
CodeRelocateRam$$Limit  0x1fff'0df4          --   Gb  - Linker created -
FTMN                    0x1fff'0b18    0xc  Data  Gb  MK60_ftm.o [1]
FTM_port_mux                 0x271d  0x114  Code  Lc  MK60_ftm.o [1]
GPIOX                   0x1fff'0b24   0x14  Data  Gb  MK60_gpio.o [1]
KEY_PTxn                0x1fff'0bac    0x8  Data  Gb  VCAN_key.o [1]
LED_PTxn                0x1fff'0bb4    0x4  Data  Gb  VCAN_LED.o [1]
LoadInt                       0x5bd   0x7a  Code  Lc  xprintflarge_nomb.o [2]
NVIC_SystemReset             0x2b79   0x18  Code  Lc  MK60_conf.o [1]
PORTX                   0x1fff'0b80   0x14  Data  Gb  MK60_port.o [1]
Region$$Table$$Base          0x3b7c          --   Gb  - Linker created -
Region$$Table$$Limit         0x3b8c          --   Gb  - Linker created -
Reset_Handler                 0x411         Code  Gb  startup_MK60DZ10.o [1]
UARTN                   0x1fff'0b94   0x18  Data  Gb  MK60_uart.o [1]
_GenldLargeNoMb               0xd4d  0x24c  Code  Lc  xprintflarge_nomb.o [2]
_LdtobLargeNoMb               0xaf3  0x232  Code  Lc  xprintflarge_nomb.o [2]
_LitobLargeNoMb               0x9a3  0x10a  Code  Lc  xprintflarge_nomb.o [2]
_Locale_lconv           0x1fff'0bb8   0x38  Data  Lc  xlocale_c.o [2]
_PrintfLargeNoMb              0x419  0x19e  Code  Gb  xprintflarge_nomb.o [2]
_Prout                       0x3bdf   0x16  Code  Gb  xprout.o [2]
_PutcharsLargeNoMb            0xf99   0x2e  Code  Lc  xprintflarge_nomb.o [2]
_PutfldLargeNoMb              0x637  0x260  Code  Lc  xprintflarge_nomb.o [2]
_PuttxtLargeNoMb              0x897  0x10c  Code  Lc  xprintflarge_nomb.o [2]
__BOOT_STACK_ADDRESS {Abs}
                        0x2000'fff8         Data  Gb  <internal module>
__VECTOR_RAM {Abs}      0x1fff'0000         Data  Gb  <internal module>
__VECTOR_TABLE {Abs}            0x0         Data  Gb  <internal module>
__aeabi_d2uiz                0x1885         Code  Gb  DblToU32.o [3]
__aeabi_ddiv                 0x163d         Code  Gb  DblDiv.o [3]
__aeabi_dmul                 0x1381         Code  Gb  DblMul.o [3]
__aeabi_dsub                 0x18c9         Code  Gb  DblSub.o [3]
__aeabi_ldiv0                0x19bd         Code  Gb  I64DivZer.o [4]
__aeabi_memcpy               0x1525         Code  Gb  ABImemcpy.o [4]
__aeabi_memcpy4              0x1545         Code  Gb  ABImemcpy.o [4]
__aeabi_memcpy8              0x1545         Code  Gb  ABImemcpy.o [4]
__aeabi_ui2d                 0x18ad         Code  Gb  U32ToDbl.o [3]
__aeabi_uldivmod             0x1151         Code  Gb  I64DivMod.o [4]
__cmain                      0x3bad         Code  Gb  cmain.o [4]
__code_start__ {Abs}          0x410         Data  Gb  <internal module>
__exit                       0x1b2d         Code  Gb  XXexit.o [4]
__iar_Fail_s                 0x1081   0x1c  Code  Gb  xfail_s.o [2]
__iar_Memchr                 0x10f9         Code  Gb  memchr.o [4]
__iar_Stdout            0x1fff'0bf0   0x48  Data  Gb  xfiles.o [2]
__iar_Strchr                 0x1069         Code  Gb  strchr.o [4]
__iar_dadd                   0x18d9         Code  Gb  DblSub.o [3]
__iar_data_init3             0x3b31   0x28  Code  Gb  data_init.o [4]
__iar_dsub                   0x19c1         Code  Gb  DblAdd.o [3]
__iar_dsubStart              0x19d3         Code  Gb  DblAdd.o [3]
__iar_frexp                  0x15d9         Code  Gb  frexp.o [3]
__iar_frexp64                0x15cd         Code  Gb  frexp.o [3]
__iar_frexpl                 0x15d9         Code  Gb  frexp.o [3]
__iar_program_start          0x3c15         Code  Gb  cstartup_M.o [4]
__iar_zero_init3             0x102f   0x3a  Code  Gb  zero_init3.o [4]
__low_level_init             0x3bcb    0x4  Code  Gb  low_level_init.o [2]
__vector_table                  0x0  0x410  Data  Gb  vectors.o [1]
_call_main                   0x3bb9         Code  Gb  cmain.o [4]
_exit                        0x3bd5         Code  Gb  cexit.o [4]
_main                        0x3bc7         Code  Gb  cmain.o [4]
abort                        0x19b5    0x6  Code  Gb  abort.o [2]
assert_failed                0x2b91   0x26  Code  Gb  MK60_conf.o [1]
bus_clk_khz             0x1fff'0e08    0x4  Data  Gb  system_MK60DZ10.o [1]
common_startup               0x33df   0x84  Code  Gb  system_MK60DZ10.o [1]
core_clk_khz            0x1fff'0e00    0x4  Data  Gb  system_MK60DZ10.o [1]
core_clk_mhz            0x1fff'0e04    0x4  Data  Gb  system_MK60DZ10.o [1]
default_isr                  0x2c67   0x32  Code  Gb  MK60_conf.o [1]
exit                         0x3bcf    0x4  Code  Gb  exit.o [2]
flash_cmd               0x1fff'0c49   0x1c  Code  Gb  MK60_flash.o [1]
flash_erase_sector      0x1fff'0c8f   0x58  Code  Gb  MK60_flash.o [1]
flash_init              0x1fff'0c65   0x2a  Code  Gb  MK60_flash.o [1]
flash_write             0x1fff'0ce7   0x96  Code  Gb  MK60_flash.o [1]
fputc                        0x2bb7   0x14  Code  Gb  MK60_conf.o [1]
frexp                        0x15cd         Code  Gb  frexp.o [3]
frexpl                       0x15cd         Code  Gb  frexp.o [3]
ftm_mod                 0x1fff'0df4    0xc  Data  Lc  MK60_ftm.o [1]
ftm_pwm_duty                 0x29b5   0xe4  Code  Gb  MK60_ftm.o [1]
ftm_pwm_init                 0x2831  0x184  Code  Gb  MK60_ftm.o [1]
gpio_get                     0x3181   0x3c  Code  Gb  MK60_gpio.o [1]
gpio_init                    0x3091   0xb6  Code  Gb  MK60_gpio.o [1]
gpio_turn                    0x3147   0x3a  Code  Gb  MK60_gpio.o [1]
key_check                    0x3061   0x2a  Code  Gb  VCAN_key.o [1]
key_get                      0x3045   0x1c  Code  Gb  VCAN_key.o [1]
key_init                     0x2fed   0x58  Code  Gb  VCAN_key.o [1]
led_init                     0x2cb9   0x40  Code  Gb  VCAN_LED.o [1]
led_turn                     0x2cf9   0x38  Code  Gb  VCAN_LED.o [1]
localeconv                   0x19ad    0x4  Code  Gb  xlocale_c.o [2]
main                         0x34dd   0x56  Code  Gb  main.o [1]
mcg_cfg                 0x1fff'0b38   0x44  Data  Gb  MK60_mcg.o [1]
mcg_div                 0x1fff'0b7c    0x4  Data  Gb  MK60_mcg.o [1]
mcg_div_count                0x2369  0x300  Code  Gb  MK60_mcg.o [1]
memchr                       0x10f9         Code  Gb  memchr.o [4]
obuf                    0x1fff'0e10   0x50  Data  Lc  xfiles.o [2]
pll_init                     0x2669   0x96  Code  Gb  MK60_mcg.o [1]
port_init                    0x2ab1   0x48  Code  Gb  MK60_port.o [1]
port_init_NoALT              0x2af9   0x68  Code  Gb  MK60_port.o [1]
printf                       0x2d39   0x28  Code  Gb  printf.o [2]
putchar                      0x3bf5    0xc  Code  Gb  putchar.o [2]
scale                         0xaad   0x46  Code  Lc  xprintflarge_nomb.o [2]
sec_hand                0x1fff'0e0c    0x4  Data  Lc  xfail_s.o [2]
set_sys_dividers        0x1fff'0dad   0x48  Code  Gb  MK60_mcg.o [1]
start                        0x3385   0x22  Code  Gb  system_MK60DZ10.o [1]
start_check                  0x2bcb   0x9c  Code  Gb  MK60_conf.o [1]
strchr                       0x1069         Code  Gb  strchr.o [4]
strlen                       0x10c1         Code  Gb  strlen.o [4]
sysinit                      0x33a7   0x38  Code  Gb  system_MK60DZ10.o [1]
systick_delay                0x2d61   0x32  Code  Gb  MK60_SysTick.o [1]
systick_delay_ms             0x2d93   0x18  Code  Gb  MK60_SysTick.o [1]
uart_init                    0x2dc1  0x1f6  Code  Gb  MK60_uart.o [1]
uart_putchar                 0x2fb7   0x1c  Code  Gb  MK60_uart.o [1]
vector_str              0x1fff'0410  0x708  Data  Gb  MK60_conf.o [1]
wdog_disable                 0x349d   0x14  Code  Gb  MK60_wdog.o [1]
wdog_unlock                  0x34b1   0x20  Code  Lc  MK60_wdog.o [1]
write_vtor                   0x3535   0x22  Code  Gb  misc.o [1]


[1] = D:\study\Github\demo\BJTUwh-dlqx-Intelligent-Car\¶æ»ú×óÓÒ°Ú¶¯\Prj\IAR\DZ10_Debug\Obj
[2] = dl7M_tlf.a
[3] = m7M_tl.a
[4] = rt7M_tl.a

  10 228 bytes of readonly  code memory
     444 bytes of readwrite code memory
   5 168 bytes of readonly  data memory
   2 196 bytes of readwrite data memory

Errors: none
Warnings: none
